../Drivers/BSP/B-L475E-IOT01A1/b_l475e_iot01a1.c:73:9:BSP_GetVersion	4	static
../Drivers/BSP/B-L475E-IOT01A1/b_l475e_iot01a1.c:85:9:BSP_LED_Init	16	static
../Drivers/BSP/B-L475E-IOT01A1/b_l475e_iot01a1.c:100:9:BSP_LED_DeInit	40	static
../Drivers/BSP/B-L475E-IOT01A1/b_l475e_iot01a1.c:123:9:BSP_LED_On	16	static
../Drivers/BSP/B-L475E-IOT01A1/b_l475e_iot01a1.c:140:9:BSP_LED_Off	16	static
../Drivers/BSP/B-L475E-IOT01A1/b_l475e_iot01a1.c:157:9:BSP_LED_Toggle	16	static
../Drivers/BSP/B-L475E-IOT01A1/b_l475e_iot01a1.c:174:9:BSP_LED_GetState	16	static
../Drivers/BSP/B-L475E-IOT01A1/b_l475e_iot01a1.c:182:13:LED_USER_GPIO_Init	40	static
../Drivers/BSP/B-L475E-IOT01A1/b_l475e_iot01a1.c:228:6:SENSOR_IO_Init	8	static
../Drivers/BSP/B-L475E-IOT01A1/b_l475e_iot01a1.c:237:6:SENSOR_IO_DeInit	8	static
../Drivers/BSP/B-L475E-IOT01A1/b_l475e_iot01a1.c:249:6:SENSOR_IO_Write	16	static
../Drivers/BSP/B-L475E-IOT01A1/b_l475e_iot01a1.c:260:9:SENSOR_IO_Read	24	static
../Drivers/BSP/B-L475E-IOT01A1/b_l475e_iot01a1.c:275:6:SENSOR_IO_ReadMultiple	16	static
../Drivers/BSP/B-L475E-IOT01A1/b_l475e_iot01a1.c:285:6:SENSOR_IO_Delay	16	static
../Drivers/BSP/B-L475E-IOT01A1/b_l475e_iot01a1.c:290:9:BSP_I2C1_Init	4	static
../Drivers/BSP/B-L475E-IOT01A1/b_l475e_iot01a1.c:296:9:BSP_I2C1_DeInit	4	static
../Drivers/BSP/B-L475E-IOT01A1/b_l475e_iot01a1.c:302:9:BSP_I2C1_IsReady	16	static
../Drivers/BSP/B-L475E-IOT01A1/b_l475e_iot01a1.c:308:9:BSP_I2C1_WriteReg	40	static
../Drivers/BSP/B-L475E-IOT01A1/b_l475e_iot01a1.c:316:9:BSP_I2C1_ReadReg	40	static
