../Drivers/BSP/B-L475E-IOT01A1/b_l475e_iot01a1.c:72:9:BSP_GetVersion	4	static
../Drivers/BSP/B-L475E-IOT01A1/b_l475e_iot01a1.c:84:9:BSP_LED_Init	16	static
../Drivers/BSP/B-L475E-IOT01A1/b_l475e_iot01a1.c:99:9:BSP_LED_DeInit	40	static
../Drivers/BSP/B-L475E-IOT01A1/b_l475e_iot01a1.c:122:9:BSP_LED_On	16	static
../Drivers/BSP/B-L475E-IOT01A1/b_l475e_iot01a1.c:139:9:BSP_LED_Off	16	static
../Drivers/BSP/B-L475E-IOT01A1/b_l475e_iot01a1.c:156:9:BSP_LED_Toggle	16	static
../Drivers/BSP/B-L475E-IOT01A1/b_l475e_iot01a1.c:173:9:BSP_LED_GetState	16	static
../Drivers/BSP/B-L475E-IOT01A1/b_l475e_iot01a1.c:181:13:LED_USER_GPIO_Init	40	static
../Drivers/BSP/B-L475E-IOT01A1/b_l475e_iot01a1.c:226:6:SENSOR_IO_Init	8	static
../Drivers/BSP/B-L475E-IOT01A1/b_l475e_iot01a1.c:235:6:SENSOR_IO_DeInit	8	static
../Drivers/BSP/B-L475E-IOT01A1/b_l475e_iot01a1.c:247:6:SENSOR_IO_Write	16	static
../Drivers/BSP/B-L475E-IOT01A1/b_l475e_iot01a1.c:258:9:SENSOR_IO_Read	24	static
../Drivers/BSP/B-L475E-IOT01A1/b_l475e_iot01a1.c:273:6:SENSOR_IO_ReadMultiple	16	static
../Drivers/BSP/B-L475E-IOT01A1/b_l475e_iot01a1.c:283:6:SENSOR_IO_Delay	16	static
../Drivers/BSP/B-L475E-IOT01A1/b_l475e_iot01a1.c:288:9:BSP_I2C1_Init	4	static
../Drivers/BSP/B-L475E-IOT01A1/b_l475e_iot01a1.c:294:9:BSP_I2C1_DeInit	4	static
../Drivers/BSP/B-L475E-IOT01A1/b_l475e_iot01a1.c:300:9:BSP_I2C1_IsReady	16	static
../Drivers/BSP/B-L475E-IOT01A1/b_l475e_iot01a1.c:306:9:BSP_I2C1_WriteReg	40	static
../Drivers/BSP/B-L475E-IOT01A1/b_l475e_iot01a1.c:314:9:BSP_I2C1_ReadReg	40	static
